[data] state_dim=216  n_assets=8  train=3274  val=252  test=1061
[envs] train.obs_dim=216  val.T=252  test.T=1061
  policy=sac_dirichlet  params=419,850
  step=   10000  val_sharpe=+1.295  val_ann=+0.078  val_mdd=0.026  tau=18.548  entropy=-8.525
  step=   20000  val_sharpe=+1.294  val_ann=+0.078  val_mdd=0.027  tau=372.290  entropy=-8.525
  step=   30000  val_sharpe=+1.295  val_ann=+0.078  val_mdd=0.026  tau=7483.372  entropy=-8.525
  step=   40000  val_sharpe=+1.295  val_ann=+0.078  val_mdd=0.026  tau=150921.172  entropy=-8.525
  step=   50000  val_sharpe=+1.295  val_ann=+0.078  val_mdd=0.026  tau=3043707.750  entropy=-8.525
  step=   60000  val_sharpe=+1.295  val_ann=+0.078  val_mdd=0.026  tau=61008584.000  entropy=-8.525
  step=   70000  val_sharpe=+1.296  val_ann=+0.079  val_mdd=0.026  tau=1218714496.000  entropy=-8.525
  step=   80000  val_sharpe=+1.295  val_ann=+0.078  val_mdd=0.026  tau=24345184256.000  entropy=-8.525
  step=   90000  val_sharpe=+1.295  val_ann=+0.078  val_mdd=0.026  tau=486322176000.000  entropy=-8.525
  step=  100000  val_sharpe=+1.295  val_ann=+0.078  val_mdd=0.026  tau=9714828050432.000  entropy=-8.525
============================================================
[TEST] algo=sac_dirichlet  seed=42
  sharpe_ratio        = +0.9413
  annual_return       = +0.0698
  annual_volatility   = +0.0741
  max_drawdown        = +0.1188
  turnover            = +0.0000
  cumulative_return   = +0.3255
  n_steps             = 1060
============================================================
[save] results/phase2b/sac_dirichlet_lambda0.001_seed42
