===== Batch 1/3 =====
[start] bc_lambda0.001_seed42 -> /jet/home/tlee8/cs285_spring2026/final_project2/logs/phase2a_causal/bc_lambda0.001_seed42.log
[start] bc_lambda0.001_seed2024 -> /jet/home/tlee8/cs285_spring2026/final_project2/logs/phase2a_causal/bc_lambda0.001_seed2024.log
[start] bc_lambda0.001_seed1337 -> /jet/home/tlee8/cs285_spring2026/final_project2/logs/phase2a_causal/bc_lambda0.001_seed1337.log
[start] awac_lambda0.001_seed42 -> /jet/home/tlee8/cs285_spring2026/final_project2/logs/phase2a_causal/awac_lambda0.001_seed42.log
[done 0] bc_lambda0.001_seed1337
[done 0] bc_lambda0.001_seed42
[done 0] bc_lambda0.001_seed2024
[done 0] awac_lambda0.001_seed42
[batch1] elapsed 373s
===== Batch 2/3 =====
[start] awac_lambda0.001_seed1337 -> /jet/home/tlee8/cs285_spring2026/final_project2/logs/phase2a_causal/awac_lambda0.001_seed1337.log
[start] awac_lambda0.001_seed2024 -> /jet/home/tlee8/cs285_spring2026/final_project2/logs/phase2a_causal/awac_lambda0.001_seed2024.log
[start] cql_vanilla_lambda0.001_seed1337 -> /jet/home/tlee8/cs285_spring2026/final_project2/logs/phase2a_causal/cql_vanilla_lambda0.001_seed1337.log
[start] cql_vanilla_lambda0.001_seed42 -> /jet/home/tlee8/cs285_spring2026/final_project2/logs/phase2a_causal/cql_vanilla_lambda0.001_seed42.log
[done 0] awac_lambda0.001_seed1337
[done 0] awac_lambda0.001_seed2024
[done 0] cql_vanilla_lambda0.001_seed1337
[done 0] cql_vanilla_lambda0.001_seed42
[batch2] elapsed 696s
===== Batch 3/3 =====
[start] iql_lambda0.001_seed42 -> /jet/home/tlee8/cs285_spring2026/final_project2/logs/phase2a_causal/iql_lambda0.001_seed42.log
[start] cql_vanilla_lambda0.001_seed2024 -> /jet/home/tlee8/cs285_spring2026/final_project2/logs/phase2a_causal/cql_vanilla_lambda0.001_seed2024.log
[start] iql_lambda0.001_seed2024 -> /jet/home/tlee8/cs285_spring2026/final_project2/logs/phase2a_causal/iql_lambda0.001_seed2024.log
[start] iql_lambda0.001_seed1337 -> /jet/home/tlee8/cs285_spring2026/final_project2/logs/phase2a_causal/iql_lambda0.001_seed1337.log
[done 0] iql_lambda0.001_seed1337
[done 0] iql_lambda0.001_seed42
[done 0] iql_lambda0.001_seed2024
[done 0] cql_vanilla_lambda0.001_seed2024
[batch3] elapsed 645s
===== Phase 2A causal complete in 1714s =====
